// Jest Snapshot v1, https://goo.gl/fbAQLP

exports[`<Button /> should render the heading 1`] = `
<View
  style={
    Array [
      Object {},
    ]
  }
>
  <Text>
    Button
  </Text>
</View>
`;
